// Jest Snapshot v1, https://goo.gl/fbAQLP

exports[`<App /> should render and match the snapshot 1`] = `
<ForwardRef>
  <HelmetWrapper
    defaultTitle="React.js"
    defer={true}
    encodeSpecialCharacters={true}
    titleTemplate="%s - Single Point of Contact"
  >
    <meta
      content="Single Point of Contact"
      name="description"
    />
  </HelmetWrapper>
  <Switch>
    <Route
      component={[Function]}
      exact={true}
      path="/"
    />
    <Route
      component={[Function]}
      path=""
    />
  </Switch>
  <GlobalStyleComponent />
</ForwardRef>
`;
